Running suite Romancalc
check_romancalc.c:7:P:Core:test_convert_from_roman:0: Passed
check_romancalc.c:14:P:Additional:test_convert_to_roman:0: Passed
check_romancalc.c:22:P:Additional:test_romancalc_compare:0: Passed
check_romancalc.c:28:P:Additional:test_expand:0: Passed
check_romancalc.c:32:E:Additional:test_add:0: (after this point) Received signal 11 (Segmentation fault: 11)
check_romancalc.c:42:P:Additional:test_str_replace:0: Passed
Results for all suites run:
83%: Checks: 6, Failures: 0, Errors: 1
